============================= test session starts ==============================
platform linux -- Python 3.10.14, pytest-7.3.2, pluggy-1.5.0 -- /opt/conda/envs/py_3.10/bin/python
cachedir: .pytest_cache
hypothesis profile 'default' -> database=DirectoryBasedExampleDatabase('/root/resilient-rap-framework/.hypothesis/examples')
rootdir: /root/resilient-rap-framework
configfile: pytest.ini
plugins: rerunfailures-14.0, flakefinder-1.1.0, cpp-2.3.0, hypothesis-5.35.1, xdoctest-1.1.0, xdist-3.3.1, anyio-4.12.1
collecting ... collected 78 items / 1 skipped

tests/test_telemetry_modules.py::TestSchemaValidator::test_valid_speed_packet PASSED [  1%]
tests/test_telemetry_modules.py::TestSchemaValidator::test_null_value_rejected PASSED [  2%]
tests/test_telemetry_modules.py::TestSchemaValidator::test_string_in_numeric_rejected PASSED [  3%]
tests/test_telemetry_modules.py::TestSchemaValidator::test_out_of_range_rejected PASSED [  5%]
tests/test_telemetry_modules.py::TestSchemaValidator::test_negative_range_rejected PASSED [  6%]
tests/test_telemetry_modules.py::TestSchemaValidator::test_unknown_sensor_passes PASSED [  7%]
tests/test_telemetry_modules.py::TestDeadLetterQueue::test_enqueue_and_depth PASSED [  8%]
tests/test_telemetry_modules.py::TestDeadLetterQueue::test_recent_returns_records PASSED [ 10%]
tests/test_telemetry_modules.py::TestDeadLetterQueue::test_mark_reprocessed PASSED [ 11%]
tests/test_telemetry_modules.py::TestCircuitBreaker::test_closed_accepts_valid_packets PASSED [ 12%]
tests/test_telemetry_modules.py::TestCircuitBreaker::test_trips_to_open_after_threshold PASSED [ 14%]
tests/test_telemetry_modules.py::TestCircuitBreaker::test_open_rejects_all_packets PASSED [ 15%]
tests/test_telemetry_modules.py::TestCircuitBreaker::test_half_open_recovery PASSED [ 16%]
tests/test_telemetry_modules.py::TestCircuitBreaker::test_process_batch PASSED [ 17%]
tests/test_telemetry_modules.py::TestCircuitBreaker::test_reset PASSED    [ 19%]
tests/test_telemetry_modules.py::TestCircuitBreaker::test_metrics PASSED  [ 20%]
tests/test_telemetry_modules.py::TestTracksideEdgeBuffer::test_write_and_replay PASSED [ 21%]
tests/test_telemetry_modules.py::TestTracksideEdgeBuffer::test_write_batch PASSED [ 23%]
tests/test_telemetry_modules.py::TestTracksideEdgeBuffer::test_dedup_on_packet_id PASSED [ 24%]
tests/test_telemetry_modules.py::TestTracksideEdgeBuffer::test_drain_with_callback PASSED [ 25%]
tests/test_telemetry_modules.py::TestTracksideEdgeBuffer::test_drain_failure_marks_failed PASSED [ 26%]
tests/test_telemetry_modules.py::TestTracksideEdgeBuffer::test_health_metrics PASSED [ 28%]
tests/test_telemetry_modules.py::TestGeoFence::test_eu_circuit_scrubs_pii PASSED [ 29%]
tests/test_telemetry_modules.py::TestGeoFence::test_us_circuit_full_sync PASSED [ 30%]
tests/test_telemetry_modules.py::TestGeoFence::test_me_circuit_export_control PASSED [ 32%]
tests/test_telemetry_modules.py::TestGeoFence::test_unknown_circuit_defaults_to_us PASSED [ 33%]
tests/test_telemetry_modules.py::TestGeoFence::test_biometric_anonymisation PASSED [ 34%]
tests/test_telemetry_modules.py::TestGeoFence::test_compliance_hash_present PASSED [ 35%]
tests/test_telemetry_modules.py::TestGeoFence::test_process_batch PASSED  [ 37%]
tests/test_telemetry_modules.py::TestGeoFence::test_processing_summary PASSED [ 38%]
tests/test_telemetry_modules.py::TestGeoFence::test_jurisdiction_mapping_covers_calendar PASSED [ 39%]
tests/test_telemetry_modules.py::TestComplianceAuditLog::test_record_and_count PASSED [ 41%]
tests/test_telemetry_modules.py::TestComplianceAuditLog::test_hash_chain_integrity PASSED [ 42%]
tests/test_telemetry_modules.py::TestComplianceAuditLog::test_tamper_detection PASSED [ 43%]
tests/test_telemetry_modules.py::TestComplianceAuditLog::test_query_by_jurisdiction PASSED [ 44%]
tests/test_telemetry_modules.py::TestComplianceAuditLog::test_query_by_request_id PASSED [ 46%]
tests/test_telemetry_modules.py::TestComplianceAuditLog::test_summary PASSED [ 47%]
tests/test_telemetry_modules.py::TestComplianceAuditLog::test_genesis_hash_on_empty_db PASSED [ 48%]
tests/test_telemetry_modules.py::TestComplianceAuditLog::test_chain_resumes_after_reopen PASSED [ 50%]
tests/test_telemetry_modules.py::TestGeoFenceAuditIntegration::test_eu_processing_creates_audit_entries PASSED [ 51%]
tests/test_telemetry_modules.py::TestGeoFenceAuditIntegration::test_us_processing_no_audit_entries PASSED [ 52%]
tests/test_telemetry_modules.py::TestGeoFenceAuditIntegration::test_me_processing_export_control_audited PASSED [ 53%]
tests/test_telemetry_modules.py::TestGeoFenceAuditIntegration::test_request_id_propagated_to_audit PASSED [ 55%]
tests/test_telemetry_modules.py::TestGeoFenceAuditIntegration::test_no_audit_when_disabled PASSED [ 56%]
tests/test_telemetry_modules.py::TestDLQReprocessing::test_reprocess_recovers_updated_range PASSED [ 57%]
tests/test_telemetry_modules.py::TestDLQReprocessing::test_reprocess_still_invalid_increments_retry PASSED [ 58%]
tests/test_telemetry_modules.py::TestDLQReprocessing::test_max_retries_stops_reprocessing PASSED [ 60%]
tests/test_telemetry_modules.py::TestDLQReprocessing::test_fetch_reprocessable PASSED [ 61%]
tests/test_telemetry_modules.py::TestDLQReprocessing::test_increment_retry PASSED [ 62%]
tests/test_telemetry_modules.py::TestExactlyOnceDrain::test_drain_returns_batch_id PASSED [ 64%]
tests/test_telemetry_modules.py::TestExactlyOnceDrain::test_drain_failure_rolls_back_to_pending PASSED [ 65%]
tests/test_telemetry_modules.py::TestExactlyOnceDrain::test_recover_incomplete_batches PASSED [ 66%]
tests/test_telemetry_modules.py::TestExactlyOnceDrain::test_drain_history PASSED [ 67%]
tests/test_telemetry_modules.py::TestExactlyOnceDrain::test_batch_payload_includes_batch_id PASSED [ 69%]
tests/test_telemetry_modules.py::TestRequestTracing::test_new_context_has_request_id PASSED [ 70%]
tests/test_telemetry_modules.py::TestRequestTracing::test_add_stages PASSED [ 71%]
tests/test_telemetry_modules.py::TestRequestTracing::test_trace_summary PASSED [ 73%]
tests/test_telemetry_modules.py::TestRequestTracing::test_is_failed PASSED [ 74%]
tests/test_telemetry_modules.py::TestRequestTracing::test_latency_tracking PASSED [ 75%]
tests/test_engine_temp_stress.py::TestEngineTemperatureStress::test_stress_test_generates_100_rows PASSED [ 76%]
tests/test_engine_temp_stress.py::TestEngineTemperatureStress::test_anomalies_injected_every_10_rows PASSED [ 78%]
tests/test_engine_temp_stress.py::TestEngineTemperatureStress::test_anomaly_types_distributed PASSED [ 79%]
tests/test_engine_temp_stress.py::TestEngineTemperatureStress::test_pipeline_doesnt_crash_with_anomalies PASSED [ 80%]
tests/test_engine_temp_stress.py::TestEngineTemperatureStress::test_anomalies_logged_not_ignored PASSED [ 82%]
tests/test_engine_temp_stress.py::TestEngineTemperatureStress::test_anomalies_converted_to_nan PASSED [ 83%]
tests/test_engine_temp_stress.py::TestEngineTemperatureStress::test_valid_engine_temps_preserved PASSED [ 84%]
tests/test_engine_temp_stress.py::TestEngineTemperatureStress::test_semantic_layer_applies_successfully PASSED [ 85%]
tests/test_engine_temp_stress.py::TestEngineTemperatureStress::test_dataframe_integrity PASSED [ 87%]
tests/test_engine_temp_stress.py::TestEngineTemperatureStress::test_error_types_logged PASSED [ 88%]
tests/test_engine_temp_stress.py::TestEngineTemperatureStress::test_lineage_recorded_for_all_stages PASSED [ 89%]
tests/test_engine_temp_stress.py::TestEngineTemperatureStress::test_stress_test_summary_statistics PASSED [ 91%]
tests/test_engine_temp_stress.py::TestEngineTemperatureStress::test_recovery_after_anomalies PASSED [ 92%]
tests/test_engine_temp_stress.py::TestEngineTemperatureAnomalyDetection::test_detects_nan_anomalies PASSED [ 93%]
tests/test_engine_temp_stress.py::TestEngineTemperatureAnomalyDetection::test_detects_string_anomalies PASSED [ 94%]
tests/test_engine_temp_stress.py::TestEngineTemperatureAnomalyDetection::test_detects_impossible_high_temps PASSED [ 96%]
tests/test_engine_temp_stress.py::TestEngineTemperatureAnomalyDetection::test_detects_impossible_low_temps PASSED [ 97%]
tests/test_engine_temp_stress.py::TestEngineTemperatureIntegration::test_full_pipeline_run PASSED [ 98%]
tests/test_engine_temp_stress.py::TestEngineTemperatureIntegration::test_pipeline_resilience_metric PASSED [100%]

======================== 78 passed, 1 skipped in 31.21s ========================
